// Jest Snapshot v1, https://goo.gl/fbAQLP

exports[`Movie Detail tests Renders a movie detail component 1`] = `
<div>
  <div
    class="wrapper"
  >
    <aside
      class="sidebar"
    >
      <img
        alt="Tammy"
        src="http://image.tmdb.org/t/p/w300//cq6wvDqETqJXgpQplkL0FBw2leM.jpg"
      />
    </aside>
    <article
      class="content"
    >
      <div
        class="pointer-hover"
        style="display: flex; flex-direction: row; align-items: flex-start; justify-content: flex-start;"
      >
        <svg
          aria-hidden="true"
          class="MuiSvgIcon-root-1"
          focusable="false"
          role="presentation"
          viewBox="0 0 24 24"
        >
          <path
            d="M0 0h24v24H0z"
            fill="none"
          />
          <path
            d="M20 11H7.83l5.59-5.59L12 4l-8 8 8 8 1.41-1.41L7.83 13H20v-2z"
          />
        </svg>
        <h1
          class="bold-header-uppercase"
        >
          Tammy
           [
          2014
          ]
        </h1>
      </div>
      <div
        class="content-row-1"
      >
        <h1>
          She hit the road. The road hit back.
        </h1>
        <p
          class="MuiTypography-root-10 MuiTypography-body1-19"
        >
          After losing her job and learning that her husband has been unfaithful, a woman hits the road with her profane, hard-drinking grandmother.
        </p>
      </div>
      <hr
        class="MuiDivider-root-46"
      />
      <div
        class="content-row-2"
      >
        <ul
          class="MuiGridList-root-51"
          style="margin: -2px; display: flex; flex-direction: row; flex-wrap: nowrap; transform: translateZ(0); overflow-y: hidden;"
        >
          <div
            style="width: 50%; height: 184px; padding: 2px; display: flex; flex-direction: column; align-items: center;"
          >
            <a
              href="/person/55536"
            >
              <div
                class="MuiAvatar-root-52 avatar"
                style="width: 80px; height: 80px; margin: 10px;"
              >
                <img
                  alt="Melissa McCarthy"
                  class="MuiAvatar-img-54"
                  src="http://image.tmdb.org/t/p/w300//nRNMJlqR33j84cGdB0RxstV3NYm.jpg"
                />
              </div>
            </a>
            <p
              class="MuiTypography-root-10 MuiTypography-body1-19 MuiTypography-alignCenter-33"
            >
              Melissa McCarthy
            </p>
            <span
              class="MuiTypography-root-10 MuiTypography-caption-20 MuiTypography-alignCenter-33"
            >
              Tammy
            </span>
          </div>
        </ul>
      </div>
      <hr
        class="MuiDivider-root-46"
      />
    </article>
    <footer
      class="footer"
    >
      <h1>
        Recommendations
      </h1>
      <div
        style="display: flex; flex-wrap: wrap; justify-content: space-between; overflow: hidden;"
      >
        <ul
          class="MuiGridList-root-51"
          data-testid="asset-grid"
          style="margin: -2px; flex-wrap: nowrap; transform: translateZ(0); padding-top: 3px; padding-bottom: 3px;"
        >
          <div
            class="MuiGridListTile-root-55 pointer-hover image-tile"
            data-testid="136795_The Heat"
            style="padding: 5px; height: 225px; width: 150px;"
          >
            <div
              class="MuiGridListTile-tile-56"
            >
              <img
                alt="The Heat"
                src="http://image.tmdb.org/t/p/w300//tM3hDt8JcU8Y8i6vzTcbnocM2bx.jpg"
              />
              <div
                class="MuiGridListTileBar-root-59 MuiGridListTileBar-titlePositionBottom-60"
              >
                <div
                  class="MuiGridListTileBar-titleWrap-63"
                >
                  <div
                    class="MuiGridListTileBar-title-66"
                  >
                    The Heat
                  </div>
                </div>
              </div>
            </div>
          </div>
        </ul>
      </div>
    </footer>
  </div>
</div>
`;

exports[`Movie Detail tests Renders a movie detail component 2`] = `
<div>
  <div>
    Error
  </div>
</div>
`;

exports[`Movie Detail tests Renders a movie detail component 3`] = `<div />`;

exports[`Movie Detail tests Renders a movie detail loadiing component 1`] = `<div />`;
